[
   {
      "pretext" : "This week's beer:",
      "fields" : [
         {
            "short" : true,
            "value" : "<https://untappd.com/b/dharma-initiative-beer/481516|View on Untappd>",
            "title" : "Untappd"
         },
         {
            "title" : "ABV / Rating",
            "short" : true,
            "value" : "5% / 4.82 avg, 108 ratings"
         },
         {
            "value" : "Don't tell us what we can't brew",
            "title" : "Description"
         }
      ],
      "title" : "Beer?, The Dharma Initiative",
      "image_url" : "https://beerbods.co.uk/media/108/bottle.png",
      "fallback" : "This week's beer is Beer?, The Dharma Initiative - https://beerbods.co.uk/this-weeks-beer/beer-dharma-initiative",
      "title_link" : "https://beerbods.co.uk/this-weeks-beer/beer-dharma-initiative"
   }
]

